// Vitest Snapshot v1, https://vitest.dev/guide/snapshot.html

exports[`<Loading /> > should render correctly with default props 1`] = `
.c0 {
  display: flex;
  justify-content: center;
  align-items: center;
  min-height: 100vh;
}

.c1 {
  width: 50px;
  height: 50px;
  border: 10px solid #f3f3f3;
  border-top: 10px solid #383636;
  border-radius: 50%;
  animation: spinner 1.5s linear infinite;
}

<div
  class="c0"
>
  <div
    aria-label="loading-spinner"
    class="c1"
  />
</div>
`;
